// Jest Snapshot v1, https://goo.gl/fbAQLP

exports[`Meal Card component matches snapshot 1`] = `
<DocumentFragment>
  <div
    class="mealcard card text-white bg-danger mb-3"
    style="width: 18rem;"
  >
    <h4>
      Test Meal
    </h4>
    <p>
      <img
        alt="test desc"
        class="menuCardImage"
        src="someURL"
      />
    </p>
    <p
      id="price"
    >
       $1
    </p>
  </div>
</DocumentFragment>
`;
